iwmap 4
"script_startingnumber" 0
"000_Global" flags  active
"The Map" flags expanded 
// entity 0
{
guid "{5992C4E0-DD96-11ED-8400-F69E0C006EE1}"
"classname" "worldspawn"
"lutmaterial" "luts_t7_default"
"fsi" "default"
"gravity" "800"
"lightingquality" "1024"
"lodbias" "default"
"numOmniShadowSlices" "24"
"numSpotShadowSlices" "64"
"samplescale" "1"
"shadowslices" "96"
"sky_intensity_factor0" "1"
"sky_intensity_factor1" "1"
"skyboxmodel" "skybox_default_day"
"ssi" "default_day"
"state_alias_1" "State 1"
"state_alias_2" "State 2"
"state_alias_3" "State 3"
"state_alias_4" "State 4"
"umbraSmallestHole" "16"
"umbraSmallestOccluder" "96"
"umbraTileSize" "2"
"umbra_prime_depth" "1"
"vbloom" "none"
"vcolor" "none"
"wsi" "default_day"
}
// entity 1
{
guid "{0566503F-DD96-11ED-8400-F69E0C006EE1}"
"classname" "info_volume"
"targetname" "ori_soul_box_zone_2"
// brush 0
{
 guid "{0566503E-DD96-11ED-8400-F69E0C006EE1}"
 ( 250 -152 0 ) ( 218 -152 0 ) ( 218 -184 0 ) volume 64 64 0 0 0 0 lightmap_gray 16384 16384 0 0 0 0
 ( 104 -184 150 ) ( 104 -152 150 ) ( 136 -152 150 ) volume 64 64 0 0 0 0 lightmap_gray 16384 16384 0 0 0 0
 ( 190 -250 16 ) ( 222 -250 16 ) ( 222 -250 0 ) volume 64 64 0 0 0 0 lightmap_gray 16384 16384 0 0 0 0
 ( 250 -184 16 ) ( 250 -152 16 ) ( 250 -152 0 ) volume 64 64 0 0 0 0 lightmap_gray 16384 16384 0 0 0 0
 ( -282 250 16 ) ( -314 250 16 ) ( -314 250 0 ) volume 64 64 0 0 0 0 lightmap_gray 16384 16384 0 0 0 0
 ( -250 286 16 ) ( -250 254 16 ) ( -250 254 0 ) volume 64 64 0 0 0 0 lightmap_gray 16384 16384 0 0 0 0
}
}
// entity 2
{
guid "{5FA47F63-DD96-11ED-8400-F69E0C006EE1}"
"classname" "script_struct"
"angles" "0 180 0"
"model" "ori_soul_box_soul_on"
"target" "ori_soul_box_zone_2"
"targetname" "ori_soul_box_struct"
"_color" "1 0 0"
}
